2026-02-20 17:58:47,889 - INFO - Ingesting begin_inventory.csv in db
2026-02-20 17:58:52,013 - INFO - Ingesting end_inventory.csv in db
2026-02-20 17:58:59,636 - INFO - Ingesting purchases.csv in db
2026-02-20 18:01:12,749 - INFO - Ingesting purchase_prices.csv in db
2026-02-20 18:01:26,286 - INFO - Ingesting sales.csv in db
2026-02-20 18:22:01,167 - INFO - Ingesting vendor_invoice.csv in db
2026-02-20 18:22:02,817 - INFO - -------------Ingestion Complete-------------
2026-02-20 18:22:02,817 - INFO - Total Time Taken: 23.252059586842854 minutes2026-10-07 10:18:56,380 - INFO - Starting staged ingestion of begin_inventory.csv
2026-10-07 10:19:04,065 - INFO - Staged 100000 rows from begin_inventory.csv
2026-10-07 10:19:07,835 - INFO - Staged 200000 rows from begin_inventory.csv
2026-10-07 10:19:08,101 - INFO - Staged 206529 rows from begin_inventory.csv
2026-10-07 10:19:08,126 - INFO - Validated begin_inventory.csv: 206529 rows
2026-10-07 10:19:08,126 - INFO - Starting staged ingestion of end_inventory.csv
2026-10-07 10:19:13,708 - INFO - Staged 100000 rows from end_inventory.csv
2026-10-07 10:19:17,382 - INFO - Staged 200000 rows from end_inventory.csv
2026-10-07 10:19:18,306 - INFO - Staged 224489 rows from end_inventory.csv
2026-10-07 10:19:18,333 - INFO - Validated end_inventory.csv: 224489 rows
2026-10-07 10:19:18,333 - INFO - Starting staged ingestion of purchases.csv
2026-10-07 10:19:28,245 - INFO - Staged 100000 rows from purchases.csv
2026-10-07 10:19:33,333 - INFO - Staged 200000 rows from purchases.csv
2026-10-07 10:19:38,430 - INFO - Staged 300000 rows from purchases.csv
2026-10-07 10:19:45,359 - INFO - Staged 400000 rows from purchases.csv
2026-10-07 10:19:50,434 - INFO - Staged 500000 rows from purchases.csv
2026-10-07 10:19:55,545 - INFO - Staged 600000 rows from purchases.csv
2026-10-07 10:20:04,984 - INFO - Staged 700000 rows from purchases.csv
2026-10-07 10:20:10,814 - INFO - Staged 800000 rows from purchases.csv
2026-10-07 10:20:16,128 - INFO - Staged 900000 rows from purchases.csv
2026-10-07 10:20:23,017 - INFO - Staged 1000000 rows from purchases.csv
2026-10-07 10:20:28,377 - INFO - Staged 1100000 rows from purchases.csv
2026-10-07 10:20:33,632 - INFO - Staged 1200000 rows from purchases.csv
2026-10-07 10:20:40,924 - INFO - Staged 1300000 rows from purchases.csv
2026-10-07 10:20:46,065 - INFO - Staged 1400000 rows from purchases.csv
2026-10-07 10:20:51,480 - INFO - Staged 1500000 rows from purchases.csv
2026-10-07 10:21:00,995 - INFO - Staged 1600000 rows from purchases.csv
2026-10-07 10:21:06,281 - INFO - Staged 1700000 rows from purchases.csv
2026-10-07 10:21:11,488 - INFO - Staged 1800000 rows from purchases.csv
2026-10-07 10:21:22,593 - INFO - Staged 1900000 rows from purchases.csv
2026-10-07 10:21:27,713 - INFO - Staged 2000000 rows from purchases.csv
2026-10-07 10:21:32,825 - INFO - Staged 2100000 rows from purchases.csv
2026-10-07 10:21:39,720 - INFO - Staged 2200000 rows from purchases.csv
2026-10-07 10:21:45,269 - INFO - Staged 2300000 rows from purchases.csv
2026-10-07 10:21:48,933 - INFO - Staged 2372474 rows from purchases.csv
2026-10-07 10:21:49,214 - INFO - Validated purchases.csv: 2372474 rows
2026-10-07 10:21:49,216 - INFO - Starting staged ingestion of purchase_prices.csv
2026-10-07 10:21:49,664 - INFO - Staged 12261 rows from purchase_prices.csv
2026-10-07 10:21:49,668 - INFO - Validated purchase_prices.csv: 12261 rows
2026-10-07 10:21:49,668 - INFO - Starting staged ingestion of sales.csv
2026-10-07 10:21:55,902 - INFO - Staged 100000 rows from sales.csv
2026-10-07 10:22:03,094 - INFO - Staged 200000 rows from sales.csv
2026-10-07 10:22:08,664 - INFO - Staged 300000 rows from sales.csv
2026-10-07 10:22:14,828 - INFO - Staged 400000 rows from sales.csv
2026-10-07 10:22:19,159 - INFO - Staged 500000 rows from sales.csv
2026-10-07 10:22:23,553 - INFO - Staged 600000 rows from sales.csv
2026-10-07 10:22:29,761 - INFO - Staged 700000 rows from sales.csv
2026-10-07 10:22:34,150 - INFO - Staged 800000 rows from sales.csv
2026-10-07 10:22:38,427 - INFO - Staged 900000 rows from sales.csv
2026-10-07 10:22:44,549 - INFO - Staged 1000000 rows from sales.csv
2026-10-07 10:22:49,171 - INFO - Staged 1100000 rows from sales.csv
2026-10-07 10:22:53,878 - INFO - Staged 1200000 rows from sales.csv
2026-10-07 10:23:00,195 - INFO - Staged 1300000 rows from sales.csv
2026-10-07 10:23:04,900 - INFO - Staged 1400000 rows from sales.csv
2026-10-07 10:23:12,745 - INFO - Staged 1500000 rows from sales.csv
2026-10-07 10:23:18,924 - INFO - Staged 1600000 rows from sales.csv
2026-10-07 10:23:23,668 - INFO - Staged 1700000 rows from sales.csv
2026-10-07 10:23:29,181 - INFO - Staged 1800000 rows from sales.csv
2026-10-07 10:23:35,634 - INFO - Staged 1900000 rows from sales.csv
2026-10-07 10:23:40,172 - INFO - Staged 2000000 rows from sales.csv
2026-10-07 10:23:44,636 - INFO - Staged 2100000 rows from sales.csv
2026-10-07 10:23:50,890 - INFO - Staged 2200000 rows from sales.csv
2026-10-07 10:23:55,380 - INFO - Staged 2300000 rows from sales.csv
2026-10-07 10:24:00,078 - INFO - Staged 2400000 rows from sales.csv
2026-10-07 10:24:06,500 - INFO - Staged 2500000 rows from sales.csv
2026-10-07 10:24:11,130 - INFO - Staged 2600000 rows from sales.csv
2026-10-07 10:24:15,615 - INFO - Staged 2700000 rows from sales.csv
2026-10-07 10:24:21,926 - INFO - Staged 2800000 rows from sales.csv
2026-10-07 10:24:29,281 - INFO - Staged 2900000 rows from sales.csv
2026-10-07 10:24:35,335 - INFO - Staged 3000000 rows from sales.csv
2026-10-07 10:24:43,930 - INFO - Staged 3100000 rows from sales.csv
2026-10-07 10:24:57,306 - INFO - Staged 3200000 rows from sales.csv
2026-10-07 10:25:04,212 - INFO - Staged 3300000 rows from sales.csv
2026-10-07 10:25:11,190 - INFO - Staged 3400000 rows from sales.csv
2026-10-07 10:25:16,301 - INFO - Staged 3500000 rows from sales.csv
2026-10-07 10:25:21,579 - INFO - Staged 3600000 rows from sales.csv
2026-10-07 10:25:30,666 - INFO - Staged 3700000 rows from sales.csv
2026-10-07 10:25:40,265 - INFO - Staged 3800000 rows from sales.csv
2026-10-07 10:25:46,958 - INFO - Staged 3900000 rows from sales.csv
2026-10-07 10:25:55,845 - INFO - Staged 4000000 rows from sales.csv
2026-10-07 10:26:03,254 - INFO - Staged 4100000 rows from sales.csv
2026-10-07 10:26:13,186 - INFO - Staged 4200000 rows from sales.csv
2026-10-07 10:26:23,132 - INFO - Staged 4300000 rows from sales.csv
2026-10-07 10:26:28,688 - INFO - Staged 4400000 rows from sales.csv
2026-10-07 10:26:40,969 - INFO - Staged 4500000 rows from sales.csv
2026-10-07 10:26:59,295 - INFO - Staged 4600000 rows from sales.csv
2026-10-07 10:27:14,436 - INFO - Staged 4700000 rows from sales.csv
2026-10-07 10:27:23,874 - INFO - Staged 4800000 rows from sales.csv
2026-10-07 10:27:43,235 - INFO - Staged 4900000 rows from sales.csv
2026-10-07 10:27:51,478 - INFO - Staged 5000000 rows from sales.csv
2026-10-07 10:27:59,624 - INFO - Staged 5100000 rows from sales.csv
2026-10-07 10:28:10,659 - INFO - Staged 5200000 rows from sales.csv
2026-10-07 10:28:19,250 - INFO - Staged 5300000 rows from sales.csv
2026-10-07 10:28:27,642 - INFO - Staged 5400000 rows from sales.csv
2026-10-07 10:28:39,163 - INFO - Staged 5500000 rows from sales.csv
2026-10-07 10:28:45,563 - INFO - Staged 5600000 rows from sales.csv
2026-10-07 10:28:50,133 - INFO - Staged 5700000 rows from sales.csv
2026-10-07 10:28:56,865 - INFO - Staged 5800000 rows from sales.csv
2026-10-07 10:29:01,735 - INFO - Staged 5900000 rows from sales.csv
2026-10-07 10:29:06,722 - INFO - Staged 6000000 rows from sales.csv
2026-10-07 10:29:13,350 - INFO - Staged 6100000 rows from sales.csv
2026-10-07 10:29:18,069 - INFO - Staged 6200000 rows from sales.csv
2026-10-07 10:29:22,788 - INFO - Staged 6300000 rows from sales.csv
2026-10-07 10:29:40,325 - INFO - Staged 6400000 rows from sales.csv
2026-10-07 10:29:44,868 - INFO - Staged 6500000 rows from sales.csv
2026-10-07 10:29:49,382 - INFO - Staged 6600000 rows from sales.csv
2026-10-07 10:29:55,773 - INFO - Staged 6700000 rows from sales.csv
2026-10-07 10:30:00,433 - INFO - Staged 6800000 rows from sales.csv
2026-10-07 10:30:04,936 - INFO - Staged 6900000 rows from sales.csv
2026-10-07 10:30:11,260 - INFO - Staged 7000000 rows from sales.csv
2026-10-07 10:30:15,827 - INFO - Staged 7100000 rows from sales.csv
2026-10-07 10:30:20,402 - INFO - Staged 7200000 rows from sales.csv
2026-10-07 10:30:27,038 - INFO - Staged 7300000 rows from sales.csv
2026-10-07 10:30:31,629 - INFO - Staged 7400000 rows from sales.csv
2026-10-07 10:30:36,296 - INFO - Staged 7500000 rows from sales.csv
2026-10-07 10:30:43,393 - INFO - Staged 7600000 rows from sales.csv
2026-10-07 10:30:48,384 - INFO - Staged 7700000 rows from sales.csv
2026-10-07 10:30:53,245 - INFO - Staged 7800000 rows from sales.csv
2026-10-07 10:30:59,775 - INFO - Staged 7900000 rows from sales.csv
2026-10-07 10:31:04,598 - INFO - Staged 8000000 rows from sales.csv
2026-10-07 10:31:09,589 - INFO - Staged 8100000 rows from sales.csv
2026-10-07 10:31:17,445 - INFO - Staged 8200000 rows from sales.csv
2026-10-07 10:31:27,289 - INFO - Staged 8300000 rows from sales.csv
2026-10-07 10:31:39,825 - INFO - Staged 8400000 rows from sales.csv
2026-10-07 10:31:46,856 - INFO - Staged 8500000 rows from sales.csv
2026-10-07 10:31:51,703 - INFO - Staged 8600000 rows from sales.csv
2026-10-07 10:31:56,470 - INFO - Staged 8700000 rows from sales.csv
2026-10-07 10:32:03,306 - INFO - Staged 8800000 rows from sales.csv
2026-10-07 10:32:07,910 - INFO - Staged 8900000 rows from sales.csv
2026-10-07 10:32:12,770 - INFO - Staged 9000000 rows from sales.csv
2026-10-07 10:32:19,838 - INFO - Staged 9100000 rows from sales.csv
2026-10-07 10:32:24,882 - INFO - Staged 9200000 rows from sales.csv
2026-10-07 10:32:30,444 - INFO - Staged 9300000 rows from sales.csv
2026-10-07 10:32:37,303 - INFO - Staged 9400000 rows from sales.csv
2026-10-07 10:32:43,816 - INFO - Staged 9500000 rows from sales.csv
2026-10-07 10:32:51,512 - INFO - Staged 9600000 rows from sales.csv
2026-10-07 10:32:59,910 - INFO - Staged 9700000 rows from sales.csv
2026-10-07 10:33:08,052 - INFO - Staged 9800000 rows from sales.csv
2026-10-07 10:33:13,371 - INFO - Staged 9900000 rows from sales.csv
2026-10-07 10:33:20,080 - INFO - Staged 10000000 rows from sales.csv
2026-10-07 10:33:25,595 - INFO - Staged 10100000 rows from sales.csv
2026-10-07 10:33:31,072 - INFO - Staged 10200000 rows from sales.csv
2026-10-07 10:33:37,974 - INFO - Staged 10300000 rows from sales.csv
2026-10-07 10:33:43,457 - INFO - Staged 10400000 rows from sales.csv
2026-10-07 10:33:49,070 - INFO - Staged 10500000 rows from sales.csv
2026-10-07 10:33:59,467 - INFO - Staged 10600000 rows from sales.csv
2026-10-07 10:34:05,491 - INFO - Staged 10700000 rows from sales.csv
2026-10-07 10:34:10,617 - INFO - Staged 10800000 rows from sales.csv
2026-10-07 10:34:19,846 - INFO - Staged 10900000 rows from sales.csv
2026-10-07 10:34:38,322 - INFO - Staged 11000000 rows from sales.csv
2026-10-07 10:34:46,441 - INFO - Staged 11100000 rows from sales.csv
2026-10-07 10:34:53,667 - INFO - Staged 11200000 rows from sales.csv
2026-10-07 10:34:58,648 - INFO - Staged 11300000 rows from sales.csv
2026-10-07 10:35:03,998 - INFO - Staged 11400000 rows from sales.csv
2026-10-07 10:35:11,282 - INFO - Staged 11500000 rows from sales.csv
2026-10-07 10:35:16,059 - INFO - Staged 11600000 rows from sales.csv
2026-10-07 10:35:21,113 - INFO - Staged 11700000 rows from sales.csv
2026-10-07 10:35:27,527 - INFO - Staged 11800000 rows from sales.csv
2026-10-07 10:35:33,802 - INFO - Staged 11900000 rows from sales.csv
2026-10-07 10:35:40,216 - INFO - Staged 12000000 rows from sales.csv
2026-10-07 10:35:46,088 - INFO - Staged 12100000 rows from sales.csv
2026-10-07 10:35:51,451 - INFO - Staged 12200000 rows from sales.csv
2026-10-07 10:35:59,944 - INFO - Staged 12300000 rows from sales.csv
2026-10-07 10:36:04,907 - INFO - Staged 12400000 rows from sales.csv
2026-10-07 10:36:10,212 - INFO - Staged 12500000 rows from sales.csv
2026-10-07 10:36:17,062 - INFO - Staged 12600000 rows from sales.csv
2026-10-07 10:36:21,835 - INFO - Staged 12700000 rows from sales.csv
2026-10-07 10:36:26,455 - INFO - Staged 12800000 rows from sales.csv
2026-10-07 10:36:27,960 - INFO - Staged 12825363 rows from sales.csv
2026-10-07 10:36:38,883 - INFO - Validated sales.csv: 12825363 rows
2026-10-07 10:36:38,884 - INFO - Starting staged ingestion of vendor_invoice.csv
2026-10-07 10:36:39,261 - INFO - Staged 5543 rows from vendor_invoice.csv
2026-10-07 10:36:39,263 - INFO - Validated vendor_invoice.csv: 5543 rows
2026-10-07 10:36:39,837 - INFO - Ingestion complete: {'begin_inventory': 206529, 'end_inventory': 224489, 'purchases': 2372474, 'purchase_prices': 12261, 'sales': 12825363, 'vendor_invoice': 5543}
2026-10-07 10:36:39,837 - INFO - Total time taken: 17.72 minutes
